// Jest Snapshot v1, https://goo.gl/fbAQLP

exports[`<App /> renders correctly 1`] = `
<main
  className="main"
>
  <div
    className="controls"
  >
    <ul />
    <ul />
  </div>
  <div
    className="chatBox"
  >
    <ul />
    <form
      className="input"
      onSubmit={[Function]}
    >
      <input
        onChange={[Function]}
        type="text"
        value=""
      />
      <button
        type="submit"
      >
        Send
      </button>
    </form>
  </div>
  <div
    className="error"
  >
    <button
      onClick={[Function]}
    >
      Ok.
    </button>
  </div>
</main>
`;
